../Core/Src/car2.c:13:6:Left_Forward	8	static
../Core/Src/car2.c:19:6:Left_Reverse	8	static
../Core/Src/car2.c:25:6:Left_Brake	8	static
../Core/Src/car2.c:32:6:Left_SetSpeed	16	static
../Core/Src/car2.c:41:6:Right_Forward	8	static
../Core/Src/car2.c:47:6:Right_Reverse	8	static
../Core/Src/car2.c:53:6:Right_Brake	8	static
../Core/Src/car2.c:59:6:Right_SetSpeed	16	static
../Core/Src/car2.c:67:6:Car_SetSpeed	16	static
../Core/Src/car2.c:73:6:Car_SetForward	8	static
../Core/Src/car2.c:79:6:Car_SetReverse	8	static
../Core/Src/car2.c:85:6:Car_Forward	16	static
../Core/Src/car2.c:94:6:Car_Reverse	16	static
../Core/Src/car2.c:103:6:Car_Left_Turn	16	static
../Core/Src/car2.c:112:6:Car_Right_Turn	16	static
../Core/Src/car2.c:121:6:Car_Right_Reverse	16	static
../Core/Src/car2.c:130:6:Car_Left_Reverse	16	static
../Core/Src/car2.c:139:6:Car_Stop2	8	static
../Core/Src/car2.c:152:6:Motor_Control	24	static
../Core/Src/car2.c:204:6:Motor_Control2	8	static
../Core/Src/car2.c:240:6:carwhileinside	4	static
